The target system is: Generic - 4.1.99 - arm
The host system is: Windows - 10.0.26100 - AMD64
Compiling the C compiler identification source file "CMakeCCompilerId.c" succeeded.
Compiler: C:/ncs/toolchains/c1a76fddb2/opt/zephyr-sdk/arm-zephyr-eabi/bin/arm-zephyr-eabi-gcc.exe 
Build flags: 
Id flags: -c 

The output was:
0


Compilation of the C compiler identification source "CMakeCCompilerId.c" produced "CMakeCCompilerId.o"

The C compiler identification is GNU, found in "D:/CEG/nrf5340_ecg/build/nrf5340_ecg/CMakeFiles/3.21.0/CompilerIdC/CMakeCCompilerId.o"

Compiling the CXX compiler identification source file "CMakeCXXCompilerId.cpp" succeeded.
Compiler: C:/ncs/toolchains/c1a76fddb2/opt/zephyr-sdk/arm-zephyr-eabi/bin/arm-zephyr-eabi-gcc.exe 
Build flags: 
Id flags: -c 

The output was:
0


Compilation of the CXX compiler identification source "CMakeCXXCompilerId.cpp" produced "CMakeCXXCompilerId.o"

The CXX compiler identification is GNU, found in "D:/CEG/nrf5340_ecg/build/nrf5340_ecg/CMakeFiles/3.21.0/CompilerIdCXX/CMakeCXXCompilerId.o"

Checking whether the ASM compiler is GNU using "--version" matched "(GNU assembler)|(GCC)|(Free Software Foundation)":
arm-zephyr-eabi-gcc.exe (Zephyr SDK 0.17.0) 12.2.0
Copyright (C) 2022 Free Software Foundation, Inc.
This is free software; see the source for copying conditions.  There is NO
warranty; not even for MERCHANTABILITY or FITNESS FOR A PARTICULAR PURPOSE.

Determining if files stdatomic.h exist passed with the following output:
Change Dir: D:/CEG/nrf5340_ecg/build/nrf5340_ecg/CMakeFiles/CMakeTmp

Run Build Command(s):C:/ncs/toolchains/c1a76fddb2/opt/bin/ninja.exe cmTC_979bd && [1/2] Building C object CMakeFiles/cmTC_979bd.dir/HAVE_STDATOMIC_H.c.obj
[2/2] Linking C executable cmTC_979bd
arm-zephyr-eabi-gcc.exe: warning: CMakeFiles/cmTC_979bd.dir/HAVE_STDATOMIC_H.c.obj: linker input file unused because linking not done



Determining if files fcntl.h exist passed with the following output:
Change Dir: D:/CEG/nrf5340_ecg/build/nrf5340_ecg/CMakeFiles/CMakeTmp

Run Build Command(s):C:/ncs/toolchains/c1a76fddb2/opt/bin/ninja.exe cmTC_df401 && [1/2] Building C object CMakeFiles/cmTC_df401.dir/HAVE_FCNTL_H.c.obj
[2/2] Linking C executable cmTC_df401
arm-zephyr-eabi-gcc.exe: warning: CMakeFiles/cmTC_df401.dir/HAVE_FCNTL_H.c.obj: linker input file unused because linking not done



Performing C SOURCE FILE Test check_C__c__nostartfiles__nostdlib__isystem__c__ncs_toolchains_c1a76fddb2_opt_zephyr_sdk_arm_zephyr_eabi_bin____lib_gcc_arm_zephyr_eabi_12_2_0_include___isystem__c__ncs_toolchains_c1a76fddb2_opt_zephyr_sdk_arm_zephyr_eabi_bin____lib_gcc_arm_zephyr_eabi_12_2_0_include_fixed___Wl___unresolved_symbols_ignore_in_object_files__Wl___entry_0__fuse_ld_bfd__mcpu_cortex_m33__mthumb__mabi_aapcs__mfp16_format_ieee__fuse_ld_bfd succeeded with the following output:
Change Dir: D:/CEG/nrf5340_ecg/build/nrf5340_ecg/CMakeFiles/CMakeTmp

Run Build Command(s):C:/ncs/toolchains/c1a76fddb2/opt/bin/ninja.exe cmTC_43468 && [1/2] Building C object CMakeFiles/cmTC_43468.dir/src.c.obj
[2/2] Linking C executable cmTC_43468
arm-zephyr-eabi-gcc.exe: warning: CMakeFiles/cmTC_43468.dir/src.c.obj: linker input file unused because linking not done


Source file was:
int main(void) { return 0; }
Performing C SOURCE FILE Test check_fmacro_prefix_map_D__CEG_nrf5340_ecg_CMAKE_SOURCE_DIR_C__c__nostartfiles__nostdlib__isystem__c__ncs_toolchains_c1a76fddb2_opt_zephyr_sdk_arm_zephyr_eabi_bin____lib_gcc_arm_zephyr_eabi_12_2_0_include___isystem__c__ncs_toolchains_c1a76fddb2_opt_zephyr_sdk_arm_zephyr_eabi_bin____lib_gcc_arm_zephyr_eabi_12_2_0_include_fixed___Wl___unresolved_symbols_ignore_in_object_files__Wl___entry_0__fuse_ld_bfd succeeded with the following output:
Change Dir: D:/CEG/nrf5340_ecg/build/nrf5340_ecg/CMakeFiles/CMakeTmp

Run Build Command(s):C:/ncs/toolchains/c1a76fddb2/opt/bin/ninja.exe cmTC_10a02 && [1/2] Building C object CMakeFiles/cmTC_10a02.dir/src.c.obj
[2/2] Linking C executable cmTC_10a02
arm-zephyr-eabi-gcc.exe: warning: CMakeFiles/cmTC_10a02.dir/src.c.obj: linker input file unused because linking not done


Source file was:
int main(void) { return 0; }
